[18:55:53] [ServerMain/INFO]: Environment: Environment[sessionHost=https://sessionserver.mojang.com, servicesHost=https://api.minecraftservices.com, profilesHost=https://api.mojang.com, name=PROD]
[18:55:56] [ServerMain/INFO]: Loaded 1470 recipes
[18:55:56] [ServerMain/INFO]: Loaded 1584 advancements
[18:55:56] [Server thread/INFO]: Starting minecraft server version 1.21.11
[18:55:56] [Server thread/INFO]: Loading properties
[18:55:56] [Server thread/INFO]: Default game type: SURVIVAL
[18:55:56] [Server thread/INFO]: Generating keypair
[18:55:56] [Server thread/INFO]: Starting Minecraft server on *:25565
[18:55:57] [Server thread/INFO]: Preparing level "world"
[18:55:57] [Server thread/INFO]: Loading 0 persistent chunks...
[18:55:57] [Server thread/INFO]: Preparing spawn area: 100%
[18:55:57] [Server thread/INFO]: Time elapsed: 16 ms
[18:55:57] [Server thread/INFO]: Done (0.605s)! For help, type "help"
[18:56:02] [User Authenticator #1/INFO]: UUID of player Peggl3 is 8dcdea05-b427-4965-9d23-5b07bf2efd3f
[18:56:04] [Server thread/INFO]: Peggl3[/172.20.10.10:47552] logged in with entity id 81 at (-7.5, 60.0, 0.5)
[18:56:04] [Server thread/INFO]: Peggl3 joined the game
[18:56:07] [Server thread/INFO]: [Peggl3: Set own game mode to Creative Mode]
[18:56:10] [Server thread/INFO]: [Peggl3: Set own game mode to Survival Mode]
[18:56:14] [Server thread/INFO]: [Peggl3: Added Peggl3 to the whitelist]
[18:56:18] [Server thread/INFO]: [Peggl3: Whitelist is now turned on]
[18:56:24] [Server thread/INFO]: [Peggl3: Added avesdaves to the whitelist]
[18:56:29] [Server thread/INFO]: Peggl3 lost connection: Disconnected
[18:56:29] [Server thread/INFO]: Peggl3 left the game
